model csv2xsd Entity source Facture Entity target invoice_xsd.Invoice  

import invoice_csv.*


map entete {
	from entete.ddate to header.ddate
}

fonction date {
	In  entete.ddate.day
	In  entete.ddate.month
	In  entete.ddate.year
	Out header.ddate
}


map ff {
	
	//	Facture:entete.client.nom to header.billTo.postalAddress.person.firstName 
	from entete.client.numeroClient to header.billTo.customerNumber
	from entete.client.nom to header.billTo.postalAddress.person.firstName 
	//from entete.client.marie 
	from entete.client.telephone to header.billTo.postalAddress.phone.numero 
	from entete.client.adresse.ligne1 to header.billTo.postalAddress.adresse.line1
	from entete.client.adresse.ligne2 to header.billTo.postalAddress.adresse.line2
	from entete.client.adresse.ligne3 to header.billTo.postalAddress.adresse.line3
	from entete.client.adresse.ville to header.billTo.postalAddress.adresse.city
	from entete.client.adresse.codePostale to header.billTo.postalAddress.adresse.zipCode
	from articles.description to items.description
	from articles.prix to items.price
	from articles.remise to items.discount

}